#! /c/Source/iverilog-install/bin/vvp
:ivl_version "12.0 (devel)" "(s20150603-1110-g18392a46)";
:ivl_delay_selection "TYPICAL";
:vpi_time_precision - 12;
:vpi_module "C:\iverilog\lib\ivl\system.vpi";
:vpi_module "C:\iverilog\lib\ivl\vhdl_sys.vpi";
:vpi_module "C:\iverilog\lib\ivl\vhdl_textio.vpi";
:vpi_module "C:\iverilog\lib\ivl\v2005_math.vpi";
:vpi_module "C:\iverilog\lib\ivl\va_math.vpi";
S_000001b286bf5560 .scope module, "counter_dft_tb" "counter_dft_tb" 2 2;
 .timescale -9 -12;
v000001b286c041d0_0 .var "bist_enable", 0 0;
v000001b286c04270_0 .var "clk", 0 0;
v000001b286c04310_0 .net "q", 3 0, v000001b286b7d0e0_0;  1 drivers
v000001b286c043b0_0 .var "reset", 0 0;
v000001b286c04450_0 .var "scan_enable", 0 0;
v000001b286c4e930_0 .var "scan_in", 0 0;
v000001b286c4e9d0_0 .net "scan_out", 0 0, L_000001b286c4e570;  1 drivers
S_000001b286b7cf50 .scope module, "uut" "counter_dft" 2 13, 3 1 0, S_000001b286bf5560;
 .timescale 0 0;
    .port_info 0 /INPUT 1 "clk";
    .port_info 1 /INPUT 1 "reset";
    .port_info 2 /INPUT 1 "scan_in";
    .port_info 3 /INPUT 1 "scan_enable";
    .port_info 4 /INPUT 1 "bist_enable";
    .port_info 5 /OUTPUT 4 "q";
    .port_info 6 /OUTPUT 1 "scan_out";
v000001b286b79ce0_0 .net "bist_enable", 0 0, v000001b286c041d0_0;  1 drivers
v000001b286bd2890_0 .net "clk", 0 0, v000001b286c04270_0;  1 drivers
v000001b286b7aeb0_0 .var "lfsr", 3 0;
v000001b286b7d0e0_0 .var "q", 3 0;
v000001b286b7d180_0 .net "reset", 0 0, v000001b286c043b0_0;  1 drivers
v000001b286b7d220_0 .net "scan_enable", 0 0, v000001b286c04450_0;  1 drivers
v000001b286b7d2c0_0 .net "scan_in", 0 0, v000001b286c4e930_0;  1 drivers
v000001b286b7d360_0 .net "scan_out", 0 0, L_000001b286c4e570;  alias, 1 drivers
E_000001b286bf65d0 .event posedge, v000001b286bd2890_0;
L_000001b286c4e570 .part v000001b286b7d0e0_0, 0, 1;
    .scope S_000001b286b7cf50;
T_0 ;
    %wait E_000001b286bf65d0;
    %load/vec4 v000001b286b7d180_0;
    %flag_set/vec4 8;
    %jmp/0xz  T_0.0, 8;
    %pushi/vec4 1, 0, 4;
    %assign/vec4 v000001b286b7aeb0_0, 0;
    %jmp T_0.1;
T_0.0 ;
    %load/vec4 v000001b286b79ce0_0;
    %flag_set/vec4 8;
    %jmp/0xz  T_0.2, 8;
    %load/vec4 v000001b286b7aeb0_0;
    %parti/s 3, 0, 2;
    %load/vec4 v000001b286b7aeb0_0;
    %parti/s 1, 3, 3;
    %load/vec4 v000001b286b7aeb0_0;
    %parti/s 1, 2, 3;
    %xor;
    %concat/vec4; draw_concat_vec4
    %assign/vec4 v000001b286b7aeb0_0, 0;
T_0.2 ;
T_0.1 ;
    %jmp T_0;
    .thread T_0;
    .scope S_000001b286b7cf50;
T_1 ;
    %wait E_000001b286bf65d0;
    %load/vec4 v000001b286b7d180_0;
    %flag_set/vec4 8;
    %jmp/0xz  T_1.0, 8;
    %pushi/vec4 0, 0, 4;
    %assign/vec4 v000001b286b7d0e0_0, 0;
    %jmp T_1.1;
T_1.0 ;
    %load/vec4 v000001b286b7d220_0;
    %flag_set/vec4 8;
    %jmp/0xz  T_1.2, 8;
    %load/vec4 v000001b286b7d0e0_0;
    %parti/s 3, 0, 2;
    %load/vec4 v000001b286b7d2c0_0;
    %concat/vec4; draw_concat_vec4
    %assign/vec4 v000001b286b7d0e0_0, 0;
    %jmp T_1.3;
T_1.2 ;
    %load/vec4 v000001b286b79ce0_0;
    %flag_set/vec4 8;
    %jmp/0xz  T_1.4, 8;
    %load/vec4 v000001b286b7aeb0_0;
    %assign/vec4 v000001b286b7d0e0_0, 0;
    %jmp T_1.5;
T_1.4 ;
    %load/vec4 v000001b286b7d0e0_0;
    %addi 1, 0, 4;
    %assign/vec4 v000001b286b7d0e0_0, 0;
T_1.5 ;
T_1.3 ;
T_1.1 ;
    %jmp T_1;
    .thread T_1;
    .scope S_000001b286bf5560;
T_2 ;
    %delay 5000, 0;
    %load/vec4 v000001b286c04270_0;
    %inv;
    %store/vec4 v000001b286c04270_0, 0, 1;
    %jmp T_2;
    .thread T_2;
    .scope S_000001b286bf5560;
T_3 ;
    %vpi_call 2 27 "$dumpfile", "counter_dft.vcd" {0 0 0};
    %vpi_call 2 28 "$dumpvars", 32'sb00000000000000000000000000000000, S_000001b286bf5560 {0 0 0};
    %pushi/vec4 0, 0, 1;
    %store/vec4 v000001b286c04270_0, 0, 1;
    %pushi/vec4 1, 0, 1;
    %store/vec4 v000001b286c043b0_0, 0, 1;
    %pushi/vec4 0, 0, 1;
    %store/vec4 v000001b286c4e930_0, 0, 1;
    %pushi/vec4 0, 0, 1;
    %store/vec4 v000001b286c04450_0, 0, 1;
    %pushi/vec4 0, 0, 1;
    %store/vec4 v000001b286c041d0_0, 0, 1;
    %delay 10000, 0;
    %pushi/vec4 0, 0, 1;
    %store/vec4 v000001b286c043b0_0, 0, 1;
    %delay 50000, 0;
    %pushi/vec4 1, 0, 1;
    %store/vec4 v000001b286c04450_0, 0, 1;
    %pushi/vec4 1, 0, 1;
    %store/vec4 v000001b286c4e930_0, 0, 1;
    %delay 10000, 0;
    %pushi/vec4 0, 0, 1;
    %store/vec4 v000001b286c4e930_0, 0, 1;
    %delay 30000, 0;
    %pushi/vec4 0, 0, 1;
    %store/vec4 v000001b286c04450_0, 0, 1;
    %pushi/vec4 1, 0, 1;
    %store/vec4 v000001b286c041d0_0, 0, 1;
    %delay 50000, 0;
    %pushi/vec4 0, 0, 1;
    %store/vec4 v000001b286c041d0_0, 0, 1;
    %vpi_call 2 53 "$finish" {0 0 0};
    %end;
    .thread T_3;
# The file index is used to find the file name in the following table.
:file_names 4;
    "N/A";
    "<interactive>";
    "counter_dft_tb.v";
    "counter_dft.v";
